\BOOKMARK [1][-]{section.1}{\376\377\000C\000e\000l\000\040\000i\000\040\000z\000a\000k\000r\000e\000s\000\040\000p\000r\000o\000j\000e\000k\000t\000u}{}% 1
\BOOKMARK [1][-]{section.2}{\376\377\000D\000a\000n\000e\000\040\000i\000\040\000i\000c\000h\000\040\000p\000o\000z\000y\000s\000k\000a\000n\000i\000e}{}% 2
\BOOKMARK [2][-]{subsection.2.1}{\376\377\001\171\000r\000\363\000d\001\102\000o\000\040\000d\000a\000n\000y\000c\000h}{section.2}% 3
\BOOKMARK [2][-]{subsection.2.2}{\376\377\000P\000r\000e\000p\000r\000o\000c\000e\000s\000s\000i\000n\000g\000\040\000\050\000E\000T\000L\000\051}{section.2}% 4
\BOOKMARK [1][-]{section.3}{\376\377\000A\000r\000c\000h\000i\000t\000e\000k\000t\000u\000r\000a\000\040\000r\000o\000z\000w\000i\001\005\000z\000a\000n\000i\000a}{}% 5
\BOOKMARK [2][-]{subsection.3.1}{\376\377\000R\000e\000p\000r\000e\000z\000e\000n\000t\000a\000c\000j\000a\000\040\000w\000i\000e\000l\000o\000w\000y\000m\000i\000a\000r\000o\000w\000a\000\040\000i\000\040\000t\000r\000a\000n\000s\000f\000o\000r\000m\000a\000c\000j\000a\000\040\000c\000e\000c\000h}{section.3}% 6
\BOOKMARK [2][-]{subsection.3.2}{\376\377\000W\000a\000r\000s\000t\000w\000a\000\040\000w\000i\000z\000u\000a\000l\000i\000z\000a\000c\000j\000i\000\040\000\050\000d\000a\000s\000h\000b\000o\000a\000r\000d\000\051}{section.3}% 7
\BOOKMARK [1][-]{section.4}{\376\377\000W\000y\000n\000i\000k\000i\000\040\000a\000n\000a\000l\000i\000z\000y}{}% 8
\BOOKMARK [2][-]{subsection.4.1}{\376\377\000T\000r\000e\000n\000d\000y\000\040\000a\000k\000t\000y\000w\000n\000o\001\133\000c\000i\000\040\000w\000\040\000c\000z\000a\000s\000i\000e}{section.4}% 9
\BOOKMARK [2][-]{subsection.4.2}{\376\377\000M\000a\000p\000a\000\040\000u\000d\000z\000i\000a\001\102\000\363\000w\000\040\000r\000y\000n\000k\000u}{section.4}% 10
\BOOKMARK [2][-]{subsection.4.3}{\376\377\000P\000r\000z\000e\000g\000l\001\005\000d\000\040\000k\000w\000a\000r\000t\000a\000l\000n\000y\000\040\040\024\000\040\000t\000r\000e\000e\000m\000a\000p}{section.4}% 11
\BOOKMARK [2][-]{subsection.4.4}{\376\377\000U\000d\000z\000i\000a\001\102\000y\000\040\000j\001\031\000z\000y\000k\000\363\000w\000\040\000w\000\040\000c\000z\000a\000s\000i\000e}{section.4}% 12
\BOOKMARK [2][-]{subsection.4.5}{\376\377\000A\000k\000t\000y\000w\000n\000o\001\133\001\007\000\040\000s\000p\000o\001\102\000e\000c\000z\000n\000o\001\133\000c\000i}{section.4}% 13
\BOOKMARK [1][-]{section.5}{\376\377\000A\000n\000a\000l\000i\000z\000a\000\040\000e\000k\000s\000p\000l\000o\000r\000a\000c\000y\000j\000n\000a\000\040\000\050\000E\000D\000A\000\051}{}% 14
\BOOKMARK [2][-]{subsection.5.1}{\376\377\000Z\000m\000i\000a\000n\000a\000\040\000u\000d\000z\000i\000a\001\102\000u\000\040\000i\000\040\000o\000b\000s\000e\000r\000w\000a\000c\000j\000e\000\040\000n\000i\000e\000t\000y\000p\000o\000w\000e}{section.5}% 15
\BOOKMARK [2][-]{subsection.5.2}{\376\377\000K\000l\000a\000s\000t\000r\000o\000w\000a\000n\000i\000e}{section.5}% 16
\BOOKMARK [1][-]{section.6}{\376\377\000R\000e\000d\000u\000k\000c\000j\000a\000\040\000w\000y\000m\000i\000a\000r\000u}{}% 17
\BOOKMARK [1][-]{section.7}{\376\377\000I\000n\000t\000e\000r\000p\000r\000e\000t\000a\000c\000j\000a\000\040\000i\000\040\000w\000n\000i\000o\000s\000k\000i}{}% 18
\BOOKMARK [1][-]{section.8}{\376\377\000O\000g\000r\000a\000n\000i\000c\000z\000e\000n\000i\000a}{}% 19
\BOOKMARK [1][-]{section.9}{\376\377\000O\000d\000t\000w\000o\000r\000z\000e\000n\000i\000e\000\040\000w\000y\000n\000i\000k\000\363\000w}{}% 20
